

================================================================
== Vitis HLS Report for 'compute_edge_embedding_and_message_passing'
================================================================
* Date:           Sat Apr 24 00:01:54 2021

* Version:        2020.2 (Build 3064766 on Wed Nov 18 09:12:47 MST 2020)
* Project:        project_1
* Solution:       solution1 (Vivado IP Flow Target)
* Product family: virtexuplus
* Target device:  xcu280-fsvh2892-2L-e


================================================================
== Performance Estimates
================================================================
+ Timing: 
    * Summary: 
    +--------+----------+----------+------------+
    |  Clock |  Target  | Estimated| Uncertainty|
    +--------+----------+----------+------------+
    |ap_clk  |  10.00 ns|  4.892 ns|     2.70 ns|
    +--------+----------+----------+------------+

+ Latency: 
    * Summary: 
    +---------+---------+-----------+-----------+------+------+---------+
    |  Latency (cycles) |   Latency (absolute)  |   Interval  | Pipeline|
    |   min   |   max   |    min    |    max    |  min |  max |   Type  |
    +---------+---------+-----------+-----------+------+------+---------+
    |     5908|     5908|  59.080 us|  59.080 us|  5908|  5908|     none|
    +---------+---------+-----------+-----------+------+------+---------+

    + Detail: 
        * Instance: 
        N/A

        * Loop: 
        +-------------------------------------+---------+---------+----------+-----------+-----------+------+----------+
        |                                     |  Latency (cycles) | Iteration|  Initiation Interval  | Trip |          |
        |              Loop Name              |   min   |   max   |  Latency |  achieved |   target  | Count| Pipelined|
        +-------------------------------------+---------+---------+----------+-----------+-----------+------+----------+
        |- Loop 1                             |     1900|     1900|         1|          1|          1|  1900|       yes|
        |- VITIS_LOOP_158_1_VITIS_LOOP_162_2  |     4004|     4004|         6|          1|          1|  4000|       yes|
        +-------------------------------------+---------+---------+----------+-----------+-----------+------+----------+



================================================================
== Utilization Estimates
================================================================
* Summary: 
+---------------------+---------+------+---------+---------+-----+
|         Name        | BRAM_18K|  DSP |    FF   |   LUT   | URAM|
+---------------------+---------+------+---------+---------+-----+
|DSP                  |        -|     1|        -|        -|    -|
|Expression           |        -|     -|        0|      196|    -|
|FIFO                 |        -|     -|        -|        -|    -|
|Instance             |        -|     -|        0|      499|    -|
|Memory               |        -|     -|        -|        -|    -|
|Multiplexer          |        -|     -|        -|      132|    -|
|Register             |        -|     -|      403|      160|    -|
+---------------------+---------+------+---------+---------+-----+
|Total                |        0|     1|      403|      987|    0|
+---------------------+---------+------+---------+---------+-----+
|Available SLR        |     1344|  3008|   869120|   434560|  320|
+---------------------+---------+------+---------+---------+-----+
|Utilization SLR (%)  |        0|    ~0|       ~0|       ~0|    0|
+---------------------+---------+------+---------+---------+-----+
|Available            |     4032|  9024|  2607360|  1303680|  960|
+---------------------+---------+------+---------+---------+-----+
|Utilization (%)      |        0|    ~0|       ~0|       ~0|    0|
+---------------------+---------+------+---------+---------+-----+

+ Detail: 
    * Instance: 
    +----------------------+-----------------+---------+----+---+-----+-----+
    |       Instance       |      Module     | BRAM_18K| DSP| FF| LUT | URAM|
    +----------------------+-----------------+---------+----+---+-----+-----+
    |mux_1007_28_1_1_U108  |mux_1007_28_1_1  |        0|   0|  0|  499|    0|
    +----------------------+-----------------+---------+----+---+-----+-----+
    |Total                 |                 |        0|   0|  0|  499|    0|
    +----------------------+-----------------+---------+----+---+-----+-----+

    * DSP: 
    +------------------------------------+-------------------------------+--------------+
    |              Instance              |             Module            |  Expression  |
    +------------------------------------+-------------------------------+--------------+
    |mac_muladd_15s_8ns_7ns_15_4_1_U109  |mac_muladd_15s_8ns_7ns_15_4_1  |  i0 * i1 + i2|
    +------------------------------------+-------------------------------+--------------+

    * Memory: 
    N/A

    * FIFO: 
    N/A

    * Expression: 
    +---------------------------+----------+----+---+----+------------+------------+
    |       Variable Name       | Operation| DSP| FF| LUT| Bitwidth P0| Bitwidth P1|
    +---------------------------+----------+----+---+----+------------+------------+
    |add_ln158_1_fu_1704_p2     |         +|   0|  0|  19|          12|           1|
    |add_ln158_fu_1724_p2       |         +|   0|  0|  13|           6|           1|
    |add_ln162_fu_1779_p2       |         +|   0|  0|  14|           7|           1|
    |add_ln703_fu_2152_p2       |         +|   0|  0|  35|          28|          28|
    |empty_45_fu_1687_p2        |         +|   0|  0|  18|          11|           1|
    |exitcond2107_fu_1693_p2    |      icmp|   0|  0|  11|          11|           9|
    |icmp_ln158_fu_1718_p2      |      icmp|   0|  0|  12|          12|           8|
    |icmp_ln162_fu_1730_p2      |      icmp|   0|  0|  10|           7|           6|
    |or_ln158_fu_1760_p2        |        or|   0|  0|   7|           7|           1|
    |msg_V_1_fu_2140_p3         |    select|   0|  0|  27|           1|           1|
    |select_ln158_1_fu_1752_p3  |    select|   0|  0|   7|           1|           7|
    |select_ln158_3_fu_1808_p3  |    select|   0|  0|   8|           1|           8|
    |select_ln158_4_fu_1771_p3  |    select|   0|  0|   6|           1|           6|
    |select_ln158_fu_1736_p3    |    select|   0|  0|   7|           1|           1|
    |ap_enable_pp1              |       xor|   0|  0|   2|           1|           2|
    +---------------------------+----------+----+---+----+------------+------------+
    |Total                      |          |   0|  0| 196|         107|          81|
    +---------------------------+----------+----+---+----+------------+------------+

    * Multiplexer: 
    +-------------------------+----+-----------+-----+-----------+
    |           Name          | LUT| Input Size| Bits| Total Bits|
    +-------------------------+----+-----------+-----+-----------+
    |ap_NS_fsm                |  31|          6|    1|          6|
    |ap_enable_reg_pp1_iter4  |   9|          2|    1|          2|
    |ap_enable_reg_pp1_iter5  |  14|          3|    1|          3|
    |dim_reg_1676             |   9|          2|    7|         14|
    |e_reg_1665               |   9|          2|    6|         12|
    |edge_list_address0       |  14|          3|   10|         30|
    |empty_reg_1643           |   9|          2|   11|         22|
    |indvar_flatten_reg_1654  |   9|          2|   12|         24|
    |message_V_address1       |  14|          3|   15|         45|
    |message_V_d1             |  14|          3|   28|         84|
    +-------------------------+----+-----------+-----+-----------+
    |Total                    | 132|         28|   92|        242|
    +-------------------------+----+-----------+-----+-----------+

    * Register: 
    +---------------------------+----+----+-----+-----------+
    |            Name           | FF | LUT| Bits| Const Bits|
    +---------------------------+----+----+-----+-----------+
    |ap_CS_fsm                  |   5|   0|    5|          0|
    |ap_enable_reg_pp1_iter0    |   1|   0|    1|          0|
    |ap_enable_reg_pp1_iter1    |   1|   0|    1|          0|
    |ap_enable_reg_pp1_iter2    |   1|   0|    1|          0|
    |ap_enable_reg_pp1_iter3    |   1|   0|    1|          0|
    |ap_enable_reg_pp1_iter4    |   1|   0|    1|          0|
    |ap_enable_reg_pp1_iter5    |   1|   0|    1|          0|
    |dim_reg_1676               |   7|   0|    7|          0|
    |e_reg_1665                 |   6|   0|    6|          0|
    |empty_reg_1643             |  11|   0|   11|          0|
    |icmp_ln158_reg_2186        |   1|   0|    1|          0|
    |icmp_ln162_reg_2190        |   1|   0|    1|          0|
    |indvar_flatten_reg_1654    |  12|   0|   12|          0|
    |message_V_addr_1_reg_2741  |  15|   0|   15|          0|
    |select_ln158_reg_2195      |   7|   0|    7|          0|
    |shl_ln159_mid1_reg_2201    |   6|   0|    7|          1|
    |shl_ln_reg_2181            |   6|   0|    7|          1|
    |icmp_ln158_reg_2186        |  64|  32|    1|          0|
    |icmp_ln162_reg_2190        |  64|  32|    1|          0|
    |select_ln158_reg_2195      |  64|  32|    7|          0|
    |shl_ln159_mid1_reg_2201    |  64|  32|    7|          1|
    |shl_ln_reg_2181            |  64|  32|    7|          1|
    +---------------------------+----+----+-----+-----------+
    |Total                      | 403| 160|  108|          4|
    +---------------------------+----+----+-----+-----------+



================================================================
== Interface
================================================================
* Summary: 
+------------------------------+-----+-----+------------+--------------------------------------------+--------------+
|           RTL Ports          | Dir | Bits|  Protocol  |                Source Object               |    C Type    |
+------------------------------+-----+-----+------------+--------------------------------------------+--------------+
|ap_clk                        |   in|    1|  ap_ctrl_hs|  compute_edge_embedding_and_message_passing|  return value|
|ap_rst                        |   in|    1|  ap_ctrl_hs|  compute_edge_embedding_and_message_passing|  return value|
|ap_start                      |   in|    1|  ap_ctrl_hs|  compute_edge_embedding_and_message_passing|  return value|
|ap_done                       |  out|    1|  ap_ctrl_hs|  compute_edge_embedding_and_message_passing|  return value|
|ap_idle                       |  out|    1|  ap_ctrl_hs|  compute_edge_embedding_and_message_passing|  return value|
|ap_ready                      |  out|    1|  ap_ctrl_hs|  compute_edge_embedding_and_message_passing|  return value|
|message_V_address0            |  out|   15|   ap_memory|                                   message_V|         array|
|message_V_ce0                 |  out|    1|   ap_memory|                                   message_V|         array|
|message_V_q0                  |   in|   28|   ap_memory|                                   message_V|         array|
|message_V_address1            |  out|   15|   ap_memory|                                   message_V|         array|
|message_V_ce1                 |  out|    1|   ap_memory|                                   message_V|         array|
|message_V_we1                 |  out|    1|   ap_memory|                                   message_V|         array|
|message_V_d1                  |  out|   28|   ap_memory|                                   message_V|         array|
|edge_list_address0            |  out|   10|   ap_memory|                                   edge_list|         array|
|edge_list_ce0                 |  out|    1|   ap_memory|                                   edge_list|         array|
|edge_list_q0                  |   in|   32|   ap_memory|                                   edge_list|         array|
|edge_list_address1            |  out|   10|   ap_memory|                                   edge_list|         array|
|edge_list_ce1                 |  out|    1|   ap_memory|                                   edge_list|         array|
|edge_list_q1                  |   in|   32|   ap_memory|                                   edge_list|         array|
|node_embedding_V_0_address0   |  out|    8|   ap_memory|                          node_embedding_V_0|         array|
|node_embedding_V_0_ce0        |  out|    1|   ap_memory|                          node_embedding_V_0|         array|
|node_embedding_V_0_q0         |   in|   28|   ap_memory|                          node_embedding_V_0|         array|
|node_embedding_V_1_address0   |  out|    8|   ap_memory|                          node_embedding_V_1|         array|
|node_embedding_V_1_ce0        |  out|    1|   ap_memory|                          node_embedding_V_1|         array|
|node_embedding_V_1_q0         |   in|   28|   ap_memory|                          node_embedding_V_1|         array|
|node_embedding_V_2_address0   |  out|    8|   ap_memory|                          node_embedding_V_2|         array|
|node_embedding_V_2_ce0        |  out|    1|   ap_memory|                          node_embedding_V_2|         array|
|node_embedding_V_2_q0         |   in|   28|   ap_memory|                          node_embedding_V_2|         array|
|node_embedding_V_3_address0   |  out|    8|   ap_memory|                          node_embedding_V_3|         array|
|node_embedding_V_3_ce0        |  out|    1|   ap_memory|                          node_embedding_V_3|         array|
|node_embedding_V_3_q0         |   in|   28|   ap_memory|                          node_embedding_V_3|         array|
|node_embedding_V_4_address0   |  out|    8|   ap_memory|                          node_embedding_V_4|         array|
|node_embedding_V_4_ce0        |  out|    1|   ap_memory|                          node_embedding_V_4|         array|
|node_embedding_V_4_q0         |   in|   28|   ap_memory|                          node_embedding_V_4|         array|
|node_embedding_V_5_address0   |  out|    8|   ap_memory|                          node_embedding_V_5|         array|
|node_embedding_V_5_ce0        |  out|    1|   ap_memory|                          node_embedding_V_5|         array|
|node_embedding_V_5_q0         |   in|   28|   ap_memory|                          node_embedding_V_5|         array|
|node_embedding_V_6_address0   |  out|    8|   ap_memory|                          node_embedding_V_6|         array|
|node_embedding_V_6_ce0        |  out|    1|   ap_memory|                          node_embedding_V_6|         array|
|node_embedding_V_6_q0         |   in|   28|   ap_memory|                          node_embedding_V_6|         array|
|node_embedding_V_7_address0   |  out|    8|   ap_memory|                          node_embedding_V_7|         array|
|node_embedding_V_7_ce0        |  out|    1|   ap_memory|                          node_embedding_V_7|         array|
|node_embedding_V_7_q0         |   in|   28|   ap_memory|                          node_embedding_V_7|         array|
|node_embedding_V_8_address0   |  out|    8|   ap_memory|                          node_embedding_V_8|         array|
|node_embedding_V_8_ce0        |  out|    1|   ap_memory|                          node_embedding_V_8|         array|
|node_embedding_V_8_q0         |   in|   28|   ap_memory|                          node_embedding_V_8|         array|
|node_embedding_V_9_address0   |  out|    8|   ap_memory|                          node_embedding_V_9|         array|
|node_embedding_V_9_ce0        |  out|    1|   ap_memory|                          node_embedding_V_9|         array|
|node_embedding_V_9_q0         |   in|   28|   ap_memory|                          node_embedding_V_9|         array|
|node_embedding_V_10_address0  |  out|    8|   ap_memory|                         node_embedding_V_10|         array|
|node_embedding_V_10_ce0       |  out|    1|   ap_memory|                         node_embedding_V_10|         array|
|node_embedding_V_10_q0        |   in|   28|   ap_memory|                         node_embedding_V_10|         array|
|node_embedding_V_11_address0  |  out|    8|   ap_memory|                         node_embedding_V_11|         array|
|node_embedding_V_11_ce0       |  out|    1|   ap_memory|                         node_embedding_V_11|         array|
|node_embedding_V_11_q0        |   in|   28|   ap_memory|                         node_embedding_V_11|         array|
|node_embedding_V_12_address0  |  out|    8|   ap_memory|                         node_embedding_V_12|         array|
|node_embedding_V_12_ce0       |  out|    1|   ap_memory|                         node_embedding_V_12|         array|
|node_embedding_V_12_q0        |   in|   28|   ap_memory|                         node_embedding_V_12|         array|
|node_embedding_V_13_address0  |  out|    8|   ap_memory|                         node_embedding_V_13|         array|
|node_embedding_V_13_ce0       |  out|    1|   ap_memory|                         node_embedding_V_13|         array|
|node_embedding_V_13_q0        |   in|   28|   ap_memory|                         node_embedding_V_13|         array|
|node_embedding_V_14_address0  |  out|    8|   ap_memory|                         node_embedding_V_14|         array|
|node_embedding_V_14_ce0       |  out|    1|   ap_memory|                         node_embedding_V_14|         array|
|node_embedding_V_14_q0        |   in|   28|   ap_memory|                         node_embedding_V_14|         array|
|node_embedding_V_15_address0  |  out|    8|   ap_memory|                         node_embedding_V_15|         array|
|node_embedding_V_15_ce0       |  out|    1|   ap_memory|                         node_embedding_V_15|         array|
|node_embedding_V_15_q0        |   in|   28|   ap_memory|                         node_embedding_V_15|         array|
|node_embedding_V_16_address0  |  out|    8|   ap_memory|                         node_embedding_V_16|         array|
|node_embedding_V_16_ce0       |  out|    1|   ap_memory|                         node_embedding_V_16|         array|
|node_embedding_V_16_q0        |   in|   28|   ap_memory|                         node_embedding_V_16|         array|
|node_embedding_V_17_address0  |  out|    8|   ap_memory|                         node_embedding_V_17|         array|
|node_embedding_V_17_ce0       |  out|    1|   ap_memory|                         node_embedding_V_17|         array|
|node_embedding_V_17_q0        |   in|   28|   ap_memory|                         node_embedding_V_17|         array|
|node_embedding_V_18_address0  |  out|    8|   ap_memory|                         node_embedding_V_18|         array|
|node_embedding_V_18_ce0       |  out|    1|   ap_memory|                         node_embedding_V_18|         array|
|node_embedding_V_18_q0        |   in|   28|   ap_memory|                         node_embedding_V_18|         array|
|node_embedding_V_19_address0  |  out|    8|   ap_memory|                         node_embedding_V_19|         array|
|node_embedding_V_19_ce0       |  out|    1|   ap_memory|                         node_embedding_V_19|         array|
|node_embedding_V_19_q0        |   in|   28|   ap_memory|                         node_embedding_V_19|         array|
|node_embedding_V_20_address0  |  out|    8|   ap_memory|                         node_embedding_V_20|         array|
|node_embedding_V_20_ce0       |  out|    1|   ap_memory|                         node_embedding_V_20|         array|
|node_embedding_V_20_q0        |   in|   28|   ap_memory|                         node_embedding_V_20|         array|
|node_embedding_V_21_address0  |  out|    8|   ap_memory|                         node_embedding_V_21|         array|
|node_embedding_V_21_ce0       |  out|    1|   ap_memory|                         node_embedding_V_21|         array|
|node_embedding_V_21_q0        |   in|   28|   ap_memory|                         node_embedding_V_21|         array|
|node_embedding_V_22_address0  |  out|    8|   ap_memory|                         node_embedding_V_22|         array|
|node_embedding_V_22_ce0       |  out|    1|   ap_memory|                         node_embedding_V_22|         array|
|node_embedding_V_22_q0        |   in|   28|   ap_memory|                         node_embedding_V_22|         array|
|node_embedding_V_23_address0  |  out|    8|   ap_memory|                         node_embedding_V_23|         array|
|node_embedding_V_23_ce0       |  out|    1|   ap_memory|                         node_embedding_V_23|         array|
|node_embedding_V_23_q0        |   in|   28|   ap_memory|                         node_embedding_V_23|         array|
|node_embedding_V_24_address0  |  out|    8|   ap_memory|                         node_embedding_V_24|         array|
|node_embedding_V_24_ce0       |  out|    1|   ap_memory|                         node_embedding_V_24|         array|
|node_embedding_V_24_q0        |   in|   28|   ap_memory|                         node_embedding_V_24|         array|
|node_embedding_V_25_address0  |  out|    8|   ap_memory|                         node_embedding_V_25|         array|
|node_embedding_V_25_ce0       |  out|    1|   ap_memory|                         node_embedding_V_25|         array|
|node_embedding_V_25_q0        |   in|   28|   ap_memory|                         node_embedding_V_25|         array|
|node_embedding_V_26_address0  |  out|    8|   ap_memory|                         node_embedding_V_26|         array|
|node_embedding_V_26_ce0       |  out|    1|   ap_memory|                         node_embedding_V_26|         array|
|node_embedding_V_26_q0        |   in|   28|   ap_memory|                         node_embedding_V_26|         array|
|node_embedding_V_27_address0  |  out|    8|   ap_memory|                         node_embedding_V_27|         array|
|node_embedding_V_27_ce0       |  out|    1|   ap_memory|                         node_embedding_V_27|         array|
|node_embedding_V_27_q0        |   in|   28|   ap_memory|                         node_embedding_V_27|         array|
|node_embedding_V_28_address0  |  out|    8|   ap_memory|                         node_embedding_V_28|         array|
|node_embedding_V_28_ce0       |  out|    1|   ap_memory|                         node_embedding_V_28|         array|
|node_embedding_V_28_q0        |   in|   28|   ap_memory|                         node_embedding_V_28|         array|
|node_embedding_V_29_address0  |  out|    8|   ap_memory|                         node_embedding_V_29|         array|
|node_embedding_V_29_ce0       |  out|    1|   ap_memory|                         node_embedding_V_29|         array|
|node_embedding_V_29_q0        |   in|   28|   ap_memory|                         node_embedding_V_29|         array|
|node_embedding_V_30_address0  |  out|    8|   ap_memory|                         node_embedding_V_30|         array|
|node_embedding_V_30_ce0       |  out|    1|   ap_memory|                         node_embedding_V_30|         array|
|node_embedding_V_30_q0        |   in|   28|   ap_memory|                         node_embedding_V_30|         array|
|node_embedding_V_31_address0  |  out|    8|   ap_memory|                         node_embedding_V_31|         array|
|node_embedding_V_31_ce0       |  out|    1|   ap_memory|                         node_embedding_V_31|         array|
|node_embedding_V_31_q0        |   in|   28|   ap_memory|                         node_embedding_V_31|         array|
|node_embedding_V_32_address0  |  out|    8|   ap_memory|                         node_embedding_V_32|         array|
|node_embedding_V_32_ce0       |  out|    1|   ap_memory|                         node_embedding_V_32|         array|
|node_embedding_V_32_q0        |   in|   28|   ap_memory|                         node_embedding_V_32|         array|
|node_embedding_V_33_address0  |  out|    8|   ap_memory|                         node_embedding_V_33|         array|
|node_embedding_V_33_ce0       |  out|    1|   ap_memory|                         node_embedding_V_33|         array|
|node_embedding_V_33_q0        |   in|   28|   ap_memory|                         node_embedding_V_33|         array|
|node_embedding_V_34_address0  |  out|    8|   ap_memory|                         node_embedding_V_34|         array|
|node_embedding_V_34_ce0       |  out|    1|   ap_memory|                         node_embedding_V_34|         array|
|node_embedding_V_34_q0        |   in|   28|   ap_memory|                         node_embedding_V_34|         array|
|node_embedding_V_35_address0  |  out|    8|   ap_memory|                         node_embedding_V_35|         array|
|node_embedding_V_35_ce0       |  out|    1|   ap_memory|                         node_embedding_V_35|         array|
|node_embedding_V_35_q0        |   in|   28|   ap_memory|                         node_embedding_V_35|         array|
|node_embedding_V_36_address0  |  out|    8|   ap_memory|                         node_embedding_V_36|         array|
|node_embedding_V_36_ce0       |  out|    1|   ap_memory|                         node_embedding_V_36|         array|
|node_embedding_V_36_q0        |   in|   28|   ap_memory|                         node_embedding_V_36|         array|
|node_embedding_V_37_address0  |  out|    8|   ap_memory|                         node_embedding_V_37|         array|
|node_embedding_V_37_ce0       |  out|    1|   ap_memory|                         node_embedding_V_37|         array|
|node_embedding_V_37_q0        |   in|   28|   ap_memory|                         node_embedding_V_37|         array|
|node_embedding_V_38_address0  |  out|    8|   ap_memory|                         node_embedding_V_38|         array|
|node_embedding_V_38_ce0       |  out|    1|   ap_memory|                         node_embedding_V_38|         array|
|node_embedding_V_38_q0        |   in|   28|   ap_memory|                         node_embedding_V_38|         array|
|node_embedding_V_39_address0  |  out|    8|   ap_memory|                         node_embedding_V_39|         array|
|node_embedding_V_39_ce0       |  out|    1|   ap_memory|                         node_embedding_V_39|         array|
|node_embedding_V_39_q0        |   in|   28|   ap_memory|                         node_embedding_V_39|         array|
|node_embedding_V_40_address0  |  out|    8|   ap_memory|                         node_embedding_V_40|         array|
|node_embedding_V_40_ce0       |  out|    1|   ap_memory|                         node_embedding_V_40|         array|
|node_embedding_V_40_q0        |   in|   28|   ap_memory|                         node_embedding_V_40|         array|
|node_embedding_V_41_address0  |  out|    8|   ap_memory|                         node_embedding_V_41|         array|
|node_embedding_V_41_ce0       |  out|    1|   ap_memory|                         node_embedding_V_41|         array|
|node_embedding_V_41_q0        |   in|   28|   ap_memory|                         node_embedding_V_41|         array|
|node_embedding_V_42_address0  |  out|    8|   ap_memory|                         node_embedding_V_42|         array|
|node_embedding_V_42_ce0       |  out|    1|   ap_memory|                         node_embedding_V_42|         array|
|node_embedding_V_42_q0        |   in|   28|   ap_memory|                         node_embedding_V_42|         array|
|node_embedding_V_43_address0  |  out|    8|   ap_memory|                         node_embedding_V_43|         array|
|node_embedding_V_43_ce0       |  out|    1|   ap_memory|                         node_embedding_V_43|         array|
|node_embedding_V_43_q0        |   in|   28|   ap_memory|                         node_embedding_V_43|         array|
|node_embedding_V_44_address0  |  out|    8|   ap_memory|                         node_embedding_V_44|         array|
|node_embedding_V_44_ce0       |  out|    1|   ap_memory|                         node_embedding_V_44|         array|
|node_embedding_V_44_q0        |   in|   28|   ap_memory|                         node_embedding_V_44|         array|
|node_embedding_V_45_address0  |  out|    8|   ap_memory|                         node_embedding_V_45|         array|
|node_embedding_V_45_ce0       |  out|    1|   ap_memory|                         node_embedding_V_45|         array|
|node_embedding_V_45_q0        |   in|   28|   ap_memory|                         node_embedding_V_45|         array|
|node_embedding_V_46_address0  |  out|    8|   ap_memory|                         node_embedding_V_46|         array|
|node_embedding_V_46_ce0       |  out|    1|   ap_memory|                         node_embedding_V_46|         array|
|node_embedding_V_46_q0        |   in|   28|   ap_memory|                         node_embedding_V_46|         array|
|node_embedding_V_47_address0  |  out|    8|   ap_memory|                         node_embedding_V_47|         array|
|node_embedding_V_47_ce0       |  out|    1|   ap_memory|                         node_embedding_V_47|         array|
|node_embedding_V_47_q0        |   in|   28|   ap_memory|                         node_embedding_V_47|         array|
|node_embedding_V_48_address0  |  out|    8|   ap_memory|                         node_embedding_V_48|         array|
|node_embedding_V_48_ce0       |  out|    1|   ap_memory|                         node_embedding_V_48|         array|
|node_embedding_V_48_q0        |   in|   28|   ap_memory|                         node_embedding_V_48|         array|
|node_embedding_V_49_address0  |  out|    8|   ap_memory|                         node_embedding_V_49|         array|
|node_embedding_V_49_ce0       |  out|    1|   ap_memory|                         node_embedding_V_49|         array|
|node_embedding_V_49_q0        |   in|   28|   ap_memory|                         node_embedding_V_49|         array|
|node_embedding_V_50_address0  |  out|    8|   ap_memory|                         node_embedding_V_50|         array|
|node_embedding_V_50_ce0       |  out|    1|   ap_memory|                         node_embedding_V_50|         array|
|node_embedding_V_50_q0        |   in|   28|   ap_memory|                         node_embedding_V_50|         array|
|node_embedding_V_51_address0  |  out|    8|   ap_memory|                         node_embedding_V_51|         array|
|node_embedding_V_51_ce0       |  out|    1|   ap_memory|                         node_embedding_V_51|         array|
|node_embedding_V_51_q0        |   in|   28|   ap_memory|                         node_embedding_V_51|         array|
|node_embedding_V_52_address0  |  out|    8|   ap_memory|                         node_embedding_V_52|         array|
|node_embedding_V_52_ce0       |  out|    1|   ap_memory|                         node_embedding_V_52|         array|
|node_embedding_V_52_q0        |   in|   28|   ap_memory|                         node_embedding_V_52|         array|
|node_embedding_V_53_address0  |  out|    8|   ap_memory|                         node_embedding_V_53|         array|
|node_embedding_V_53_ce0       |  out|    1|   ap_memory|                         node_embedding_V_53|         array|
|node_embedding_V_53_q0        |   in|   28|   ap_memory|                         node_embedding_V_53|         array|
|node_embedding_V_54_address0  |  out|    8|   ap_memory|                         node_embedding_V_54|         array|
|node_embedding_V_54_ce0       |  out|    1|   ap_memory|                         node_embedding_V_54|         array|
|node_embedding_V_54_q0        |   in|   28|   ap_memory|                         node_embedding_V_54|         array|
|node_embedding_V_55_address0  |  out|    8|   ap_memory|                         node_embedding_V_55|         array|
|node_embedding_V_55_ce0       |  out|    1|   ap_memory|                         node_embedding_V_55|         array|
|node_embedding_V_55_q0        |   in|   28|   ap_memory|                         node_embedding_V_55|         array|
|node_embedding_V_56_address0  |  out|    8|   ap_memory|                         node_embedding_V_56|         array|
|node_embedding_V_56_ce0       |  out|    1|   ap_memory|                         node_embedding_V_56|         array|
|node_embedding_V_56_q0        |   in|   28|   ap_memory|                         node_embedding_V_56|         array|
|node_embedding_V_57_address0  |  out|    8|   ap_memory|                         node_embedding_V_57|         array|
|node_embedding_V_57_ce0       |  out|    1|   ap_memory|                         node_embedding_V_57|         array|
|node_embedding_V_57_q0        |   in|   28|   ap_memory|                         node_embedding_V_57|         array|
|node_embedding_V_58_address0  |  out|    8|   ap_memory|                         node_embedding_V_58|         array|
|node_embedding_V_58_ce0       |  out|    1|   ap_memory|                         node_embedding_V_58|         array|
|node_embedding_V_58_q0        |   in|   28|   ap_memory|                         node_embedding_V_58|         array|
|node_embedding_V_59_address0  |  out|    8|   ap_memory|                         node_embedding_V_59|         array|
|node_embedding_V_59_ce0       |  out|    1|   ap_memory|                         node_embedding_V_59|         array|
|node_embedding_V_59_q0        |   in|   28|   ap_memory|                         node_embedding_V_59|         array|
|node_embedding_V_60_address0  |  out|    8|   ap_memory|                         node_embedding_V_60|         array|
|node_embedding_V_60_ce0       |  out|    1|   ap_memory|                         node_embedding_V_60|         array|
|node_embedding_V_60_q0        |   in|   28|   ap_memory|                         node_embedding_V_60|         array|
|node_embedding_V_61_address0  |  out|    8|   ap_memory|                         node_embedding_V_61|         array|
|node_embedding_V_61_ce0       |  out|    1|   ap_memory|                         node_embedding_V_61|         array|
|node_embedding_V_61_q0        |   in|   28|   ap_memory|                         node_embedding_V_61|         array|
|node_embedding_V_62_address0  |  out|    8|   ap_memory|                         node_embedding_V_62|         array|
|node_embedding_V_62_ce0       |  out|    1|   ap_memory|                         node_embedding_V_62|         array|
|node_embedding_V_62_q0        |   in|   28|   ap_memory|                         node_embedding_V_62|         array|
|node_embedding_V_63_address0  |  out|    8|   ap_memory|                         node_embedding_V_63|         array|
|node_embedding_V_63_ce0       |  out|    1|   ap_memory|                         node_embedding_V_63|         array|
|node_embedding_V_63_q0        |   in|   28|   ap_memory|                         node_embedding_V_63|         array|
|node_embedding_V_64_address0  |  out|    8|   ap_memory|                         node_embedding_V_64|         array|
|node_embedding_V_64_ce0       |  out|    1|   ap_memory|                         node_embedding_V_64|         array|
|node_embedding_V_64_q0        |   in|   28|   ap_memory|                         node_embedding_V_64|         array|
|node_embedding_V_65_address0  |  out|    8|   ap_memory|                         node_embedding_V_65|         array|
|node_embedding_V_65_ce0       |  out|    1|   ap_memory|                         node_embedding_V_65|         array|
|node_embedding_V_65_q0        |   in|   28|   ap_memory|                         node_embedding_V_65|         array|
|node_embedding_V_66_address0  |  out|    8|   ap_memory|                         node_embedding_V_66|         array|
|node_embedding_V_66_ce0       |  out|    1|   ap_memory|                         node_embedding_V_66|         array|
|node_embedding_V_66_q0        |   in|   28|   ap_memory|                         node_embedding_V_66|         array|
|node_embedding_V_67_address0  |  out|    8|   ap_memory|                         node_embedding_V_67|         array|
|node_embedding_V_67_ce0       |  out|    1|   ap_memory|                         node_embedding_V_67|         array|
|node_embedding_V_67_q0        |   in|   28|   ap_memory|                         node_embedding_V_67|         array|
|node_embedding_V_68_address0  |  out|    8|   ap_memory|                         node_embedding_V_68|         array|
|node_embedding_V_68_ce0       |  out|    1|   ap_memory|                         node_embedding_V_68|         array|
|node_embedding_V_68_q0        |   in|   28|   ap_memory|                         node_embedding_V_68|         array|
|node_embedding_V_69_address0  |  out|    8|   ap_memory|                         node_embedding_V_69|         array|
|node_embedding_V_69_ce0       |  out|    1|   ap_memory|                         node_embedding_V_69|         array|
|node_embedding_V_69_q0        |   in|   28|   ap_memory|                         node_embedding_V_69|         array|
|node_embedding_V_70_address0  |  out|    8|   ap_memory|                         node_embedding_V_70|         array|
|node_embedding_V_70_ce0       |  out|    1|   ap_memory|                         node_embedding_V_70|         array|
|node_embedding_V_70_q0        |   in|   28|   ap_memory|                         node_embedding_V_70|         array|
|node_embedding_V_71_address0  |  out|    8|   ap_memory|                         node_embedding_V_71|         array|
|node_embedding_V_71_ce0       |  out|    1|   ap_memory|                         node_embedding_V_71|         array|
|node_embedding_V_71_q0        |   in|   28|   ap_memory|                         node_embedding_V_71|         array|
|node_embedding_V_72_address0  |  out|    8|   ap_memory|                         node_embedding_V_72|         array|
|node_embedding_V_72_ce0       |  out|    1|   ap_memory|                         node_embedding_V_72|         array|
|node_embedding_V_72_q0        |   in|   28|   ap_memory|                         node_embedding_V_72|         array|
|node_embedding_V_73_address0  |  out|    8|   ap_memory|                         node_embedding_V_73|         array|
|node_embedding_V_73_ce0       |  out|    1|   ap_memory|                         node_embedding_V_73|         array|
|node_embedding_V_73_q0        |   in|   28|   ap_memory|                         node_embedding_V_73|         array|
|node_embedding_V_74_address0  |  out|    8|   ap_memory|                         node_embedding_V_74|         array|
|node_embedding_V_74_ce0       |  out|    1|   ap_memory|                         node_embedding_V_74|         array|
|node_embedding_V_74_q0        |   in|   28|   ap_memory|                         node_embedding_V_74|         array|
|node_embedding_V_75_address0  |  out|    8|   ap_memory|                         node_embedding_V_75|         array|
|node_embedding_V_75_ce0       |  out|    1|   ap_memory|                         node_embedding_V_75|         array|
|node_embedding_V_75_q0        |   in|   28|   ap_memory|                         node_embedding_V_75|         array|
|node_embedding_V_76_address0  |  out|    8|   ap_memory|                         node_embedding_V_76|         array|
|node_embedding_V_76_ce0       |  out|    1|   ap_memory|                         node_embedding_V_76|         array|
|node_embedding_V_76_q0        |   in|   28|   ap_memory|                         node_embedding_V_76|         array|
|node_embedding_V_77_address0  |  out|    8|   ap_memory|                         node_embedding_V_77|         array|
|node_embedding_V_77_ce0       |  out|    1|   ap_memory|                         node_embedding_V_77|         array|
|node_embedding_V_77_q0        |   in|   28|   ap_memory|                         node_embedding_V_77|         array|
|node_embedding_V_78_address0  |  out|    8|   ap_memory|                         node_embedding_V_78|         array|
|node_embedding_V_78_ce0       |  out|    1|   ap_memory|                         node_embedding_V_78|         array|
|node_embedding_V_78_q0        |   in|   28|   ap_memory|                         node_embedding_V_78|         array|
|node_embedding_V_79_address0  |  out|    8|   ap_memory|                         node_embedding_V_79|         array|
|node_embedding_V_79_ce0       |  out|    1|   ap_memory|                         node_embedding_V_79|         array|
|node_embedding_V_79_q0        |   in|   28|   ap_memory|                         node_embedding_V_79|         array|
|node_embedding_V_80_address0  |  out|    8|   ap_memory|                         node_embedding_V_80|         array|
|node_embedding_V_80_ce0       |  out|    1|   ap_memory|                         node_embedding_V_80|         array|
|node_embedding_V_80_q0        |   in|   28|   ap_memory|                         node_embedding_V_80|         array|
|node_embedding_V_81_address0  |  out|    8|   ap_memory|                         node_embedding_V_81|         array|
|node_embedding_V_81_ce0       |  out|    1|   ap_memory|                         node_embedding_V_81|         array|
|node_embedding_V_81_q0        |   in|   28|   ap_memory|                         node_embedding_V_81|         array|
|node_embedding_V_82_address0  |  out|    8|   ap_memory|                         node_embedding_V_82|         array|
|node_embedding_V_82_ce0       |  out|    1|   ap_memory|                         node_embedding_V_82|         array|
|node_embedding_V_82_q0        |   in|   28|   ap_memory|                         node_embedding_V_82|         array|
|node_embedding_V_83_address0  |  out|    8|   ap_memory|                         node_embedding_V_83|         array|
|node_embedding_V_83_ce0       |  out|    1|   ap_memory|                         node_embedding_V_83|         array|
|node_embedding_V_83_q0        |   in|   28|   ap_memory|                         node_embedding_V_83|         array|
|node_embedding_V_84_address0  |  out|    8|   ap_memory|                         node_embedding_V_84|         array|
|node_embedding_V_84_ce0       |  out|    1|   ap_memory|                         node_embedding_V_84|         array|
|node_embedding_V_84_q0        |   in|   28|   ap_memory|                         node_embedding_V_84|         array|
|node_embedding_V_85_address0  |  out|    8|   ap_memory|                         node_embedding_V_85|         array|
|node_embedding_V_85_ce0       |  out|    1|   ap_memory|                         node_embedding_V_85|         array|
|node_embedding_V_85_q0        |   in|   28|   ap_memory|                         node_embedding_V_85|         array|
|node_embedding_V_86_address0  |  out|    8|   ap_memory|                         node_embedding_V_86|         array|
|node_embedding_V_86_ce0       |  out|    1|   ap_memory|                         node_embedding_V_86|         array|
|node_embedding_V_86_q0        |   in|   28|   ap_memory|                         node_embedding_V_86|         array|
|node_embedding_V_87_address0  |  out|    8|   ap_memory|                         node_embedding_V_87|         array|
|node_embedding_V_87_ce0       |  out|    1|   ap_memory|                         node_embedding_V_87|         array|
|node_embedding_V_87_q0        |   in|   28|   ap_memory|                         node_embedding_V_87|         array|
|node_embedding_V_88_address0  |  out|    8|   ap_memory|                         node_embedding_V_88|         array|
|node_embedding_V_88_ce0       |  out|    1|   ap_memory|                         node_embedding_V_88|         array|
|node_embedding_V_88_q0        |   in|   28|   ap_memory|                         node_embedding_V_88|         array|
|node_embedding_V_89_address0  |  out|    8|   ap_memory|                         node_embedding_V_89|         array|
|node_embedding_V_89_ce0       |  out|    1|   ap_memory|                         node_embedding_V_89|         array|
|node_embedding_V_89_q0        |   in|   28|   ap_memory|                         node_embedding_V_89|         array|
|node_embedding_V_90_address0  |  out|    8|   ap_memory|                         node_embedding_V_90|         array|
|node_embedding_V_90_ce0       |  out|    1|   ap_memory|                         node_embedding_V_90|         array|
|node_embedding_V_90_q0        |   in|   28|   ap_memory|                         node_embedding_V_90|         array|
|node_embedding_V_91_address0  |  out|    8|   ap_memory|                         node_embedding_V_91|         array|
|node_embedding_V_91_ce0       |  out|    1|   ap_memory|                         node_embedding_V_91|         array|
|node_embedding_V_91_q0        |   in|   28|   ap_memory|                         node_embedding_V_91|         array|
|node_embedding_V_92_address0  |  out|    8|   ap_memory|                         node_embedding_V_92|         array|
|node_embedding_V_92_ce0       |  out|    1|   ap_memory|                         node_embedding_V_92|         array|
|node_embedding_V_92_q0        |   in|   28|   ap_memory|                         node_embedding_V_92|         array|
|node_embedding_V_93_address0  |  out|    8|   ap_memory|                         node_embedding_V_93|         array|
|node_embedding_V_93_ce0       |  out|    1|   ap_memory|                         node_embedding_V_93|         array|
|node_embedding_V_93_q0        |   in|   28|   ap_memory|                         node_embedding_V_93|         array|
|node_embedding_V_94_address0  |  out|    8|   ap_memory|                         node_embedding_V_94|         array|
|node_embedding_V_94_ce0       |  out|    1|   ap_memory|                         node_embedding_V_94|         array|
|node_embedding_V_94_q0        |   in|   28|   ap_memory|                         node_embedding_V_94|         array|
|node_embedding_V_95_address0  |  out|    8|   ap_memory|                         node_embedding_V_95|         array|
|node_embedding_V_95_ce0       |  out|    1|   ap_memory|                         node_embedding_V_95|         array|
|node_embedding_V_95_q0        |   in|   28|   ap_memory|                         node_embedding_V_95|         array|
|node_embedding_V_96_address0  |  out|    8|   ap_memory|                         node_embedding_V_96|         array|
|node_embedding_V_96_ce0       |  out|    1|   ap_memory|                         node_embedding_V_96|         array|
|node_embedding_V_96_q0        |   in|   28|   ap_memory|                         node_embedding_V_96|         array|
|node_embedding_V_97_address0  |  out|    8|   ap_memory|                         node_embedding_V_97|         array|
|node_embedding_V_97_ce0       |  out|    1|   ap_memory|                         node_embedding_V_97|         array|
|node_embedding_V_97_q0        |   in|   28|   ap_memory|                         node_embedding_V_97|         array|
|node_embedding_V_98_address0  |  out|    8|   ap_memory|                         node_embedding_V_98|         array|
|node_embedding_V_98_ce0       |  out|    1|   ap_memory|                         node_embedding_V_98|         array|
|node_embedding_V_98_q0        |   in|   28|   ap_memory|                         node_embedding_V_98|         array|
|node_embedding_V_99_address0  |  out|    8|   ap_memory|                         node_embedding_V_99|         array|
|node_embedding_V_99_ce0       |  out|    1|   ap_memory|                         node_embedding_V_99|         array|
|node_embedding_V_99_q0        |   in|   28|   ap_memory|                         node_embedding_V_99|         array|
+------------------------------+-----+-----+------------+--------------------------------------------+--------------+

